00:00 +0: loading C:/Users/Rentorzo/Documents/Carwash app/carwash_app/test/widget_test.dart
00:00 +0: App smoke test
ΓòÉΓòÉΓòí EXCEPTION CAUGHT BY WIDGETS LIBRARY Γò₧ΓòÉΓòÉΓòÉΓòÉΓòÉΓòÉΓòÉΓòÉΓòÉΓòÉΓòÉΓòÉΓòÉΓòÉΓòÉΓòÉΓòÉΓòÉΓòÉΓòÉΓòÉΓòÉΓòÉΓòÉΓòÉΓòÉΓòÉΓòÉΓòÉΓòÉΓòÉΓòÉΓòÉΓòÉΓòÉΓòÉΓòÉΓòÉΓòÉΓòÉΓòÉΓòÉΓòÉΓòÉΓòÉΓòÉΓòÉΓòÉΓòÉΓòÉΓòÉΓòÉΓòÉΓòÉΓòÉΓòÉΓòÉΓòÉΓòÉ
The following FirebaseException was thrown building Consumer2<AuthProvider, StaffProvider>(dirty,
dependencies: [_InheritedProviderScope<AuthProvider?>]):
[core/no-app] No Firebase App '[DEFAULT]' has been created - call Firebase.initializeApp()

The relevant error-causing widget was:
  Consumer2<AuthProvider, StaffProvider>
  Consumer2:file:///C:/Users/Rentorzo/Documents/Carwash%20app/carwash_app/lib/app.dart:93:12

When the exception was thrown, this was the stack:
#0      MethodChannelFirebase.app (package:firebase_core_platform_interface/src/method_channel/method_channel_firebase.dart:190:5)
#1      Firebase.app (package:firebase_core/src/firebase.dart:79:41)
#2      FirebaseAuth.instance (package:firebase_auth/src/firebase_auth.dart:38:47)
#3      new AuthService._internal (package:carwash_app/features/auth/domain/services/auth_service.dart:14:43)
#4      AuthService._instance (package:carwash_app/features/auth/domain/services/auth_service.dart:10:52)
#5      AuthService._instance (package:carwash_app/features/auth/domain/services/auth_service.dart)
#6      new AuthService (package:carwash_app/features/auth/domain/services/auth_service.dart:11:28)
#7      new AuthProvider (package:carwash_app/features/auth/presentation/providers/auth_provider.dart:10:36)
#8      MyApp.build.<anonymous closure> (package:carwash_app/app.dart:29:47)
#9      _CreateInheritedProviderState.value (package:provider/src/inherited_provider.dart:749:36)
#10     _InheritedProviderScopeElement.value (package:provider/src/inherited_provider.dart:603:33)
#11     Provider.of (package:provider/src/provider.dart:337:37)
#12     Consumer2.buildWithChild (package:provider/src/consumer.dart:208:16)
#13     SingleChildStatelessWidget.build (package:nested/nested.dart:259:41)
#14     StatelessElement.build (package:flutter/src/widgets/framework.dart:5781:49)
#15     SingleChildStatelessElement.build (package:nested/nested.dart:279:18)
#16     ComponentElement.performRebuild (package:flutter/src/widgets/framework.dart:5715:15)
#17     Element.rebuild (package:flutter/src/widgets/framework.dart:5427:7)
#18     ComponentElement._firstBuild (package:flutter/src/widgets/framework.dart:5697:5)
#19     ComponentElement.mount (package:flutter/src/widgets/framework.dart:5691:5)
#20     SingleChildWidgetElementMixin.mount (package:nested/nested.dart:222:11)
...     Normal element mounting (236 frames)
#256    Element.inflateWidget (package:flutter/src/widgets/framework.dart:4539:16)
#257    MultiChildRenderObjectElement.inflateWidget (package:flutter/src/widgets/framework.dart:7159:36)
#258    MultiChildRenderObjectElement.mount (package:flutter/src/widgets/framework.dart:7175:32)
...     Normal element mounting (482 frames)
#740    _InheritedProviderScopeElement.mount (package:provider/src/inherited_provider.dart:424:11)
...     Normal element mounting (7 frames)
#747    _InheritedProviderScopeElement.mount (package:provider/src/inherited_provider.dart:424:11)
...     Normal element mounting (7 frames)
#754    _InheritedProviderScopeElement.mount (package:provider/src/inherited_provider.dart:424:11)
...     Normal element mounting (7 frames)
#761    _InheritedProviderScopeElement.mount (package:provider/src/inherited_provider.dart:424:11)
...     Normal element mounting (7 frames)
#768    _InheritedProviderScopeElement.mount (package:provider/src/inherited_provider.dart:424:11)
...     Normal element mounting (7 frames)
#775    _InheritedProviderScopeElement.mount (package:provider/src/inherited_provider.dart:424:11)
...     Normal element mounting (7 frames)
#782    _InheritedProviderScopeElement.mount (package:provider/src/inherited_provider.dart:424:11)
...     Normal element mounting (7 frames)
#789    _InheritedProviderScopeElement.mount (package:provider/src/inherited_provider.dart:424:11)
...     Normal element mounting (7 frames)
#796    SingleChildWidgetElementMixin.mount (package:nested/nested.dart:222:11)
...     Normal element mounting (7 frames)
#803    _NestedHookElement.mount (package:nested/nested.dart:187:11)
...     Normal element mounting (7 frames)
#810    SingleChildWidgetElementMixin.mount (package:nested/nested.dart:222:11)
...     Normal element mounting (7 frames)
#817    Element.inflateWidget (package:flutter/src/widgets/framework.dart:4539:16)
#818    Element.updateChild (package:flutter/src/widgets/framework.dart:3998:20)
#819    ComponentElement.performRebuild (package:flutter/src/widgets/framework.dart:5738:16)
#820    Element.rebuild (package:flutter/src/widgets/framework.dart:5427:7)
#821    ProxyElement.update (package:flutter/src/widgets/framework.dart:6041:5)
#822    _InheritedNotifierElement.update (package:flutter/src/widgets/inherited_notifier.dart:108:11)
#823    Element.updateChild (package:flutter/src/widgets/framework.dart:3982:15)
#824    ComponentElement.performRebuild (package:flutter/src/widgets/framework.dart:5738:16)
#825    StatefulElement.performRebuild (package:flutter/src/widgets/framework.dart:5874:11)
#826    Element.rebuild (package:flutter/src/widgets/framework.dart:5427:7)
#827    StatefulElement.update (package:flutter/src/widgets/framework.dart:5899:5)
#828    Element.updateChild (package:flutter/src/widgets/framework.dart:3982:15)
#829    ComponentElement.performRebuild (package:flutter/src/widgets/framework.dart:5738:16)
#830    Element.rebuild (package:flutter/src/widgets/framework.dart:5427:7)
#831    ProxyElement.update (package:flutter/src/widgets/framework.dart:6041:5)
#832    _InheritedNotifierElement.update (package:flutter/src/widgets/inherited_notifier.dart:108:11)
#833    Element.updateChild (package:flutter/src/widgets/framework.dart:3982:15)
#834    ComponentElement.performRebuild (package:flutter/src/widgets/framework.dart:5738:16)
#835    StatefulElement.performRebuild (package:flutter/src/widgets/framework.dart:5874:11)
#836    Element.rebuild (package:flutter/src/widgets/framework.dart:5427:7)
#837    StatefulElement.update (package:flutter/src/widgets/framework.dart:5899:5)
#838    Element.updateChild (package:flutter/src/widgets/framework.dart:3982:15)
#839    ComponentElement.performRebuild (package:flutter/src/widgets/framework.dart:5738:16)
#840    StatefulElement.performRebuild (package:flutter/src/widgets/framework.dart:5874:11)
#841    Element.rebuild (package:flutter/src/widgets/framework.dart:5427:7)
#842    StatefulElement.update (package:flutter/src/widgets/framework.dart:5899:5)
#843    Element.updateChild (package:flutter/src/widgets/framework.dart:3982:15)
#844    ComponentElement.performRebuild (package:flutter/src/widgets/framework.dart:5738:16)
#845    Element.rebuild (package:flutter/src/widgets/framework.dart:5427:7)
#846    ProxyElement.update (package:flutter/src/widgets/framework.dart:6041:5)
#847    Element.updateChild (package:flutter/src/widgets/framework.dart:3982:15)
#848    ComponentElement.performRebuild (package:flutter/src/widgets/framework.dart:5738:16)
#849    StatefulElement.performRebuild (package:flutter/src/widgets/framework.dart:5874:11)
#850    Element.rebuild (package:flutter/src/widgets/framework.dart:5427:7)
#851    StatefulElement.update (package:flutter/src/widgets/framework.dart:5899:5)
#852    Element.updateChild (package:flutter/src/widgets/framework.dart:3982:15)
#853    ComponentElement.performRebuild (package:flutter/src/widgets/framework.dart:5738:16)
#854    Element.rebuild (package:flutter/src/widgets/framework.dart:5427:7)
#855    ProxyElement.update (package:flutter/src/widgets/framework.dart:6041:5)
#856    Element.updateChild (package:flutter/src/widgets/framework.dart:3982:15)
#857    ComponentElement.performRebuild (package:flutter/src/widgets/framework.dart:5738:16)
#858    Element.rebuild (package:flutter/src/widgets/framework.dart:5427:7)
#859    ProxyElement.update (package:flutter/src/widgets/framework.dart:6041:5)
#860    Element.updateChild (package:flutter/src/widgets/framework.dart:3982:15)
#861    _RawViewElement._updateChild (package:flutter/src/widgets/view.dart:481:16)
#862    _RawViewElement.update (package:flutter/src/widgets/view.dart:569:5)
#863    Element.updateChild (package:flutter/src/widgets/framework.dart:3982:15)
#864    ComponentElement.performRebuild (package:flutter/src/widgets/framework.dart:5738:16)
#865    Element.rebuild (package:flutter/src/widgets/framework.dart:5427:7)
#866    StatelessElement.update (package:flutter/src/widgets/framework.dart:5787:5)
#867    Element.updateChild (package:flutter/src/widgets/framework.dart:3982:15)
#868    ComponentElement.performRebuild (package:flutter/src/widgets/framework.dart:5738:16)
#869    StatefulElement.performRebuild (package:flutter/src/widgets/framework.dart:5874:11)
#870    Element.rebuild (package:flutter/src/widgets/framework.dart:5427:7)
#871    StatefulElement.update (package:flutter/src/widgets/framework.dart:5899:5)
#872    Element.updateChild (package:flutter/src/widgets/framework.dart:3982:15)
#873    RootElement._rebuild (package:flutter/src/widgets/binding.dart:1698:16)
#874    RootElement.update (package:flutter/src/widgets/binding.dart:1676:5)
#875    RootElement.performRebuild (package:flutter/src/widgets/binding.dart:1690:7)
#876    Element.rebuild (package:flutter/src/widgets/framework.dart:5427:7)
#877    BuildScope._tryRebuild (package:flutter/src/widgets/framework.dart:2694:15)
#878    BuildScope._flushDirtyElements (package:flutter/src/widgets/framework.dart:2752:11)
#879    BuildOwner.buildScope (package:flutter/src/widgets/framework.dart:3056:18)
#880    AutomatedTestWidgetsFlutterBinding.drawFrame (package:flutter_test/src/binding.dart:1515:19)
#881    RendererBinding._handlePersistentFrameCallback (package:flutter/src/rendering/binding.dart:495:5)
#882    SchedulerBinding._invokeFrameCallback (package:flutter/src/scheduler/binding.dart:1438:15)
#883    SchedulerBinding.handleDrawFrame (package:flutter/src/scheduler/binding.dart:1351:9)
#884    AutomatedTestWidgetsFlutterBinding.pump.<anonymous closure> (package:flutter_test/src/binding.dart:1340:9)
#887    TestAsyncUtils.guard (package:flutter_test/src/test_async_utils.dart:74:41)
#888    AutomatedTestWidgetsFlutterBinding.pump (package:flutter_test/src/binding.dart:1329:27)
#889    WidgetTester.pumpWidget.<anonymous closure> (package:flutter_test/src/widget_tester.dart:599:22)
#892    TestAsyncUtils.guard (package:flutter_test/src/test_async_utils.dart:74:41)
#893    WidgetTester.pumpWidget (package:flutter_test/src/widget_tester.dart:596:27)
#894    main.<anonymous closure> (file:///C:/Users/Rentorzo/Documents/Carwash%20app/carwash_app/test/widget_test.dart:16:18)
#895    testWidgets.<anonymous closure>.<anonymous closure> (package:flutter_test/src/widget_tester.dart:193:29)
<asynchronous suspension>
#896    TestWidgetsFlutterBinding._runTestBody (package:flutter_test/src/binding.dart:1064:5)
<asynchronous suspension>
<asynchronous suspension>
(elided 5 frames from dart:async and package:stack_trace)

ΓòÉΓòÉΓòÉΓòÉΓòÉΓòÉΓòÉΓòÉΓòÉΓòÉΓòÉΓòÉΓòÉΓòÉΓòÉΓòÉΓòÉΓòÉΓòÉΓòÉΓòÉΓòÉΓòÉΓòÉΓòÉΓòÉΓòÉΓòÉΓòÉΓòÉΓòÉΓòÉΓòÉΓòÉΓòÉΓòÉΓòÉΓòÉΓòÉΓòÉΓòÉΓòÉΓòÉΓòÉΓòÉΓòÉΓòÉΓòÉΓòÉΓòÉΓòÉΓòÉΓòÉΓòÉΓòÉΓòÉΓòÉΓòÉΓòÉΓòÉΓòÉΓòÉΓòÉΓòÉΓòÉΓòÉΓòÉΓòÉΓòÉΓòÉΓòÉΓòÉΓòÉΓòÉΓòÉΓòÉΓòÉΓòÉΓòÉΓòÉΓòÉΓòÉΓòÉΓòÉΓòÉΓòÉΓòÉΓòÉΓòÉΓòÉΓòÉΓòÉΓòÉΓòÉΓòÉΓòÉΓòÉΓòÉΓòÉΓòÉ
ΓòÉΓòÉΓòí EXCEPTION CAUGHT BY FLUTTER TEST FRAMEWORK Γò₧ΓòÉΓòÉΓòÉΓòÉΓòÉΓòÉΓòÉΓòÉΓòÉΓòÉΓòÉΓòÉΓòÉΓòÉΓòÉΓòÉΓòÉΓòÉΓòÉΓòÉΓòÉΓòÉΓòÉΓòÉΓòÉΓòÉΓòÉΓòÉΓòÉΓòÉΓòÉΓòÉΓòÉΓòÉΓòÉΓòÉΓòÉΓòÉΓòÉΓòÉΓòÉΓòÉΓòÉΓòÉΓòÉΓòÉΓòÉΓòÉΓòÉΓòÉΓòÉΓòÉ
The following TestFailure was thrown running a test:
Expected: exactly one matching candidate
  Actual: _TextWidgetFinder:<Found 0 widgets with text "KREW": []>
   Which: means none were found but one was expected

When the exception was thrown, this was the stack:
#4      main.<anonymous closure> (file:///C:/Users/Rentorzo/Documents/Carwash%20app/carwash_app/test/widget_test.dart:20:5)
<asynchronous suspension>
#5      testWidgets.<anonymous closure>.<anonymous closure> (package:flutter_test/src/widget_tester.dart:193:15)
<asynchronous suspension>
#6      TestWidgetsFlutterBinding._runTestBody (package:flutter_test/src/binding.dart:1064:5)
<asynchronous suspension>
<asynchronous suspension>
(elided one frame from package:stack_trace)

This was caught by the test expectation on the following line:
  file:///C:/Users/Rentorzo/Documents/Carwash%20app/carwash_app/test/widget_test.dart line 20
The test description was:
  App smoke test
ΓòÉΓòÉΓòÉΓòÉΓòÉΓòÉΓòÉΓòÉΓòÉΓòÉΓòÉΓòÉΓòÉΓòÉΓòÉΓòÉΓòÉΓòÉΓòÉΓòÉΓòÉΓòÉΓòÉΓòÉΓòÉΓòÉΓòÉΓòÉΓòÉΓòÉΓòÉΓòÉΓòÉΓòÉΓòÉΓòÉΓòÉΓòÉΓòÉΓòÉΓòÉΓòÉΓòÉΓòÉΓòÉΓòÉΓòÉΓòÉΓòÉΓòÉΓòÉΓòÉΓòÉΓòÉΓòÉΓòÉΓòÉΓòÉΓòÉΓòÉΓòÉΓòÉΓòÉΓòÉΓòÉΓòÉΓòÉΓòÉΓòÉΓòÉΓòÉΓòÉΓòÉΓòÉΓòÉΓòÉΓòÉΓòÉΓòÉΓòÉΓòÉΓòÉΓòÉΓòÉΓòÉΓòÉΓòÉΓòÉΓòÉΓòÉΓòÉΓòÉΓòÉΓòÉΓòÉΓòÉΓòÉΓòÉΓòÉΓòÉ
ΓòÉΓòÉΓòí EXCEPTION CAUGHT BY FLUTTER TEST FRAMEWORK Γò₧ΓòÉΓòÉΓòÉΓòÉΓòÉΓòÉΓòÉΓòÉΓòÉΓòÉΓòÉΓòÉΓòÉΓòÉΓòÉΓòÉΓòÉΓòÉΓòÉΓòÉΓòÉΓòÉΓòÉΓòÉΓòÉΓòÉΓòÉΓòÉΓòÉΓòÉΓòÉΓòÉΓòÉΓòÉΓòÉΓòÉΓòÉΓòÉΓòÉΓòÉΓòÉΓòÉΓòÉΓòÉΓòÉΓòÉΓòÉΓòÉΓòÉΓòÉΓòÉΓòÉ
The following message was thrown:
Multiple exceptions (2) were detected during the running of the current test, and at least one was
unexpected.
ΓòÉΓòÉΓòÉΓòÉΓòÉΓòÉΓòÉΓòÉΓòÉΓòÉΓòÉΓòÉΓòÉΓòÉΓòÉΓòÉΓòÉΓòÉΓòÉΓòÉΓòÉΓòÉΓòÉΓòÉΓòÉΓòÉΓòÉΓòÉΓòÉΓòÉΓòÉΓòÉΓòÉΓòÉΓòÉΓòÉΓòÉΓòÉΓòÉΓòÉΓòÉΓòÉΓòÉΓòÉΓòÉΓòÉΓòÉΓòÉΓòÉΓòÉΓòÉΓòÉΓòÉΓòÉΓòÉΓòÉΓòÉΓòÉΓòÉΓòÉΓòÉΓòÉΓòÉΓòÉΓòÉΓòÉΓòÉΓòÉΓòÉΓòÉΓòÉΓòÉΓòÉΓòÉΓòÉΓòÉΓòÉΓòÉΓòÉΓòÉΓòÉΓòÉΓòÉΓòÉΓòÉΓòÉΓòÉΓòÉΓòÉΓòÉΓòÉΓòÉΓòÉΓòÉΓòÉΓòÉΓòÉΓòÉΓòÉΓòÉ
00:00 +0 -1: App smoke test [E]
  Test failed. See exception logs above.
  The test description was: App smoke test
  
00:00 +0 -1: Some tests failed.
